// Jest Snapshot v1, https://goo.gl/fbAQLP

exports[`AnimatedLayersDataForm renders AnimatedLayersDataForm component 1`] = `
<div
  className="ui form"
>
  <div
    id="blockform-fieldset-default"
  >
    <div
      className="ui segment form attached"
    >
      <div
        className="mocked-default-widget"
        id="mocked-field-title"
      >
        Title
         - 
        Title of the Block (left side).
      </div>
      <div
        className="mocked-default-widget"
        id="mocked-field-description"
      >
        Description
         - 
        Description of the Block (left side).
      </div>
    </div>
  </div>
</div>
`;
